// Jest Snapshot v1, https://goo.gl/fbAQLP

exports[`loads 1`] = `
<<<<<<< HEAD
<ContextProvider
  value={
    Object {
      "clear": [Function],
      "currentUser": Object {
        "email": "volunteer@example.com",
        "id": "1",
        "isAdmin": true,
        "name": "Craig Day",
        "office": Object {
          "id": "1",
          "identifier": "san_francisco",
          "name": "San Francisco",
        },
        "photo": "https://example.com/photo.jpg",
      },
      "setOffice": [Function],
      "setPreference": [Function],
    }
  }
>
  <FilterContextProvider
    user={
      Object {
        "email": "volunteer@example.com",
        "id": "1",
        "isAdmin": true,
        "name": "Craig Day",
        "office": Object {
          "id": "1",
          "identifier": "san_francisco",
          "name": "San Francisco",
        },
        "photo": "https://example.com/photo.jpg",
      }
    }
  >
    <Calendar
      currentPath="/"
      eventPopover={Object {}}
      events={Array []}
      loadMoreEvents={[Function]}
      loading={false}
      togglePopover={[Function]}
    />
  </FilterContextProvider>
</ContextProvider>
=======
<Calendar
  changeEventFilter={[Function]}
  changeOfficeFilter={[Function]}
  changeShowFilter={[Function]}
  currentPath="/"
  currentUser={
    Object {
      "email": "volunteer@example.com",
      "id": "1",
      "isAdmin": true,
      "name": "Craig Day",
      "office": Object {
        "id": "1",
        "identifier": "san_francisco",
        "name": "San Francisco",
      },
      "photo": "https://example.com/photo.jpg",
    }
  }
  eventPopover={Object {}}
  events={Array []}
  filters={
    Object {
      "eventFilter": Object {},
      "officeFilter": Object {},
      "showFilter": Object {},
    }
  }
  i18n={Object {}}
  loadMoreEvents={[Function]}
  loading={false}
  offices={Array []}
  t={[Function]}
  tReady={false}
  togglePopover={[Function]}
/>
>>>>>>> get selection to work in the menu (+11 squashed commits)
`;
